------------------------------------------------------------
Timing Analyzer Summary
------------------------------------------------------------

Type  : Slow 1100mV 85C Model Setup 'CLK'
Slack : -15.945
TNS   : -1366.664

Type  : Slow 1100mV 85C Model Hold 'CLK'
Slack : 0.326
TNS   : 0.000

Type  : Slow 1100mV 85C Model Minimum Pulse Width 'CLK'
Slack : -0.538
TNS   : -263.361

Type  : Slow 1100mV 0C Model Setup 'CLK'
Slack : -17.019
TNS   : -1364.370

Type  : Slow 1100mV 0C Model Hold 'CLK'
Slack : 0.311
TNS   : 0.000

Type  : Slow 1100mV 0C Model Minimum Pulse Width 'CLK'
Slack : -0.538
TNS   : -267.841

Type  : Fast 1100mV 85C Model Setup 'CLK'
Slack : -6.420
TNS   : -520.891

Type  : Fast 1100mV 85C Model Hold 'CLK'
Slack : 0.170
TNS   : 0.000

Type  : Fast 1100mV 85C Model Minimum Pulse Width 'CLK'
Slack : -0.099
TNS   : -31.402

Type  : Fast 1100mV 0C Model Setup 'CLK'
Slack : -6.093
TNS   : -448.693

Type  : Fast 1100mV 0C Model Hold 'CLK'
Slack : 0.154
TNS   : 0.000

Type  : Fast 1100mV 0C Model Minimum Pulse Width 'CLK'
Slack : -0.099
TNS   : -31.876

------------------------------------------------------------
